2025-08-31T00:06:50.4636476Z Current runner version: '2.328.0'
2025-08-31T00:06:50.4660050Z ##[group]Runner Image Provisioner
2025-08-31T00:06:50.4660812Z Hosted Compute Agent
2025-08-31T00:06:50.4661468Z Version: 20250825.382
2025-08-31T00:06:50.4662365Z Commit: 7109f2abf901479dac39397456e363ac0cca0730
2025-08-31T00:06:50.4663050Z Build Date: 2025-08-25T22:55:50Z
2025-08-31T00:06:50.4663733Z ##[endgroup]
2025-08-31T00:06:50.4664256Z ##[group]Operating System
2025-08-31T00:06:50.4664821Z Ubuntu
2025-08-31T00:06:50.4665307Z 22.04.5
2025-08-31T00:06:50.4665814Z LTS
2025-08-31T00:06:50.4666242Z ##[endgroup]
2025-08-31T00:06:50.4666768Z ##[group]Runner Image
2025-08-31T00:06:50.4667351Z Image: ubuntu-22.04
2025-08-31T00:06:50.4667829Z Version: 20250825.1.0
2025-08-31T00:06:50.4668922Z Included Software: https://github.com/actions/runner-images/blob/ubuntu22/20250825.1/images/ubuntu/Ubuntu2204-Readme.md
2025-08-31T00:06:50.4671082Z Image Release: https://github.com/actions/runner-images/releases/tag/ubuntu22%2F20250825.1
2025-08-31T00:06:50.4672950Z ##[endgroup]
2025-08-31T00:06:50.4674629Z ##[group]GITHUB_TOKEN Permissions
2025-08-31T00:06:50.4677337Z Contents: read
2025-08-31T00:06:50.4678286Z Metadata: read
2025-08-31T00:06:50.4679041Z Packages: read
2025-08-31T00:06:50.4679830Z ##[endgroup]
2025-08-31T00:06:50.4682959Z Secret source: Actions
2025-08-31T00:06:50.4684007Z Prepare workflow directory
2025-08-31T00:06:50.5141004Z Prepare all required actions
2025-08-31T00:06:50.5196970Z Getting action download info
2025-08-31T00:06:50.7856251Z Download action repository 'actions/checkout@v4' (SHA:08eba0b27e820071cde6df949e0beb9ba4906955)
2025-08-31T00:06:51.4665554Z Download action repository 'actions/setup-python@v5' (SHA:a26af69be951a213d495a4c3e4e4022e16d87065)
2025-08-31T00:06:51.7310237Z Complete job name: test-cpu
2025-08-31T00:06:51.8089442Z ##[group]Run actions/checkout@v4
2025-08-31T00:06:51.8090354Z with:
2025-08-31T00:06:51.8090802Z   repository: MoniVibe/Microscope
2025-08-31T00:06:51.8091511Z   token: ***
2025-08-31T00:06:51.8092103Z   ssh-strict: true
2025-08-31T00:06:51.8092552Z   ssh-user: git
2025-08-31T00:06:51.8092972Z   persist-credentials: true
2025-08-31T00:06:51.8093454Z   clean: true
2025-08-31T00:06:51.8093871Z   sparse-checkout-cone-mode: true
2025-08-31T00:06:51.8094375Z   fetch-depth: 1
2025-08-31T00:06:51.8094779Z   fetch-tags: false
2025-08-31T00:06:51.8095200Z   show-progress: true
2025-08-31T00:06:51.8095633Z   lfs: false
2025-08-31T00:06:51.8096030Z   submodules: false
2025-08-31T00:06:51.8096464Z   set-safe-directory: true
2025-08-31T00:06:51.8097260Z ##[endgroup]
2025-08-31T00:06:51.9192346Z Syncing repository: MoniVibe/Microscope
2025-08-31T00:06:51.9194218Z ##[group]Getting Git version info
2025-08-31T00:06:51.9194989Z Working directory is '/home/runner/work/Microscope/Microscope'
2025-08-31T00:06:51.9196106Z [command]/usr/bin/git version
2025-08-31T00:06:52.0556029Z git version 2.51.0
2025-08-31T00:06:52.0584863Z ##[endgroup]
2025-08-31T00:06:52.0600458Z Temporarily overriding HOME='/home/runner/work/_temp/b464e5bc-1caf-4ff8-b28b-9b6f76baab50' before making global git config changes
2025-08-31T00:06:52.0602517Z Adding repository directory to the temporary git global config as a safe directory
2025-08-31T00:06:52.0615607Z [command]/usr/bin/git config --global --add safe.directory /home/runner/work/Microscope/Microscope
2025-08-31T00:06:52.0649714Z Deleting the contents of '/home/runner/work/Microscope/Microscope'
2025-08-31T00:06:52.0653696Z ##[group]Initializing the repository
2025-08-31T00:06:52.0658045Z [command]/usr/bin/git init /home/runner/work/Microscope/Microscope
2025-08-31T00:06:52.1005185Z hint: Using 'master' as the name for the initial branch. This default branch name
2025-08-31T00:06:52.1006518Z hint: is subject to change. To configure the initial branch name to use in all
2025-08-31T00:06:52.1007648Z hint: of your new repositories, which will suppress this warning, call:
2025-08-31T00:06:52.1008457Z hint:
2025-08-31T00:06:52.1009043Z hint: 	git config --global init.defaultBranch <name>
2025-08-31T00:06:52.1010000Z hint:
2025-08-31T00:06:52.1010654Z hint: Names commonly chosen instead of 'master' are 'main', 'trunk' and
2025-08-31T00:06:52.1011959Z hint: 'development'. The just-created branch can be renamed via this command:
2025-08-31T00:06:52.1012822Z hint:
2025-08-31T00:06:52.1013253Z hint: 	git branch -m <name>
2025-08-31T00:06:52.1013774Z hint:
2025-08-31T00:06:52.1014467Z hint: Disable this message with "git config set advice.defaultBranchName false"
2025-08-31T00:06:52.1057289Z Initialized empty Git repository in /home/runner/work/Microscope/Microscope/.git/
2025-08-31T00:06:52.1070525Z [command]/usr/bin/git remote add origin https://github.com/MoniVibe/Microscope
2025-08-31T00:06:52.1162912Z ##[endgroup]
2025-08-31T00:06:52.1163796Z ##[group]Disabling automatic garbage collection
2025-08-31T00:06:52.1166948Z [command]/usr/bin/git config --local gc.auto 0
2025-08-31T00:06:52.1196317Z ##[endgroup]
2025-08-31T00:06:52.1197052Z ##[group]Setting up auth
2025-08-31T00:06:52.1203309Z [command]/usr/bin/git config --local --name-only --get-regexp core\.sshCommand
2025-08-31T00:06:52.1233016Z [command]/usr/bin/git submodule foreach --recursive sh -c "git config --local --name-only --get-regexp 'core\.sshCommand' && git config --local --unset-all 'core.sshCommand' || :"
2025-08-31T00:06:52.3211284Z [command]/usr/bin/git config --local --name-only --get-regexp http\.https\:\/\/github\.com\/\.extraheader
2025-08-31T00:06:52.3242569Z [command]/usr/bin/git submodule foreach --recursive sh -c "git config --local --name-only --get-regexp 'http\.https\:\/\/github\.com\/\.extraheader' && git config --local --unset-all 'http.https://github.com/.extraheader' || :"
2025-08-31T00:06:52.3463914Z [command]/usr/bin/git config --local http.https://github.com/.extraheader AUTHORIZATION: basic ***
2025-08-31T00:06:52.3500772Z ##[endgroup]
2025-08-31T00:06:52.3503112Z ##[group]Fetching the repository
2025-08-31T00:06:52.3520596Z [command]/usr/bin/git -c protocol.version=2 fetch --no-tags --prune --no-recurse-submodules --depth=1 origin +d23aff5f985e0b33e85520438ce0edaacb98b272:refs/remotes/origin/main
2025-08-31T00:06:52.6960151Z From https://github.com/MoniVibe/Microscope
2025-08-31T00:06:52.6963673Z  * [new ref]         d23aff5f985e0b33e85520438ce0edaacb98b272 -> origin/main
2025-08-31T00:06:52.7061860Z ##[endgroup]
2025-08-31T00:06:52.7064052Z ##[group]Determining the checkout info
2025-08-31T00:06:52.7066558Z ##[endgroup]
2025-08-31T00:06:52.7069611Z [command]/usr/bin/git sparse-checkout disable
2025-08-31T00:06:52.7163490Z [command]/usr/bin/git config --local --unset-all extensions.worktreeConfig
2025-08-31T00:06:52.7194347Z ##[group]Checking out the ref
2025-08-31T00:06:52.7197120Z [command]/usr/bin/git checkout --progress --force -B main refs/remotes/origin/main
2025-08-31T00:06:52.7273516Z Switched to a new branch 'main'
2025-08-31T00:06:52.7275938Z branch 'main' set up to track 'origin/main'.
2025-08-31T00:06:52.7284626Z ##[endgroup]
2025-08-31T00:06:52.7318383Z [command]/usr/bin/git log -1 --format=%H
2025-08-31T00:06:52.7341145Z d23aff5f985e0b33e85520438ce0edaacb98b272
2025-08-31T00:06:52.7651995Z ##[group]Run actions/setup-python@v5
2025-08-31T00:06:52.7653208Z with:
2025-08-31T00:06:52.7654051Z   python-version: 3.11
2025-08-31T00:06:52.7655015Z   check-latest: false
2025-08-31T00:06:52.7656246Z   token: ***
2025-08-31T00:06:52.7657127Z   update-environment: true
2025-08-31T00:06:52.7658187Z   allow-prereleases: false
2025-08-31T00:06:52.7659231Z   freethreaded: false
2025-08-31T00:06:52.7660168Z ##[endgroup]
2025-08-31T00:06:52.9359902Z ##[group]Installed versions
2025-08-31T00:06:53.0028082Z Successfully set up CPython (3.11.13)
2025-08-31T00:06:53.0030738Z ##[endgroup]
2025-08-31T00:06:53.0170780Z ##[group]Run pip install -e .[cpu,dev] -f https://download.pytorch.org/whl/cpu/torch_stable.html
2025-08-31T00:06:53.0173490Z [36;1mpip install -e .[cpu,dev] -f https://download.pytorch.org/whl/cpu/torch_stable.html[0m
2025-08-31T00:06:53.0314627Z shell: /usr/bin/bash -e {0}
2025-08-31T00:06:53.0315588Z env:
2025-08-31T00:06:53.0316780Z   pythonLocation: /opt/hostedtoolcache/Python/3.11.13/x64
2025-08-31T00:06:53.0318562Z   PKG_CONFIG_PATH: /opt/hostedtoolcache/Python/3.11.13/x64/lib/pkgconfig
2025-08-31T00:06:53.0320276Z   Python_ROOT_DIR: /opt/hostedtoolcache/Python/3.11.13/x64
2025-08-31T00:06:53.0322013Z   Python2_ROOT_DIR: /opt/hostedtoolcache/Python/3.11.13/x64
2025-08-31T00:06:53.0323572Z   Python3_ROOT_DIR: /opt/hostedtoolcache/Python/3.11.13/x64
2025-08-31T00:06:53.0325102Z   LD_LIBRARY_PATH: /opt/hostedtoolcache/Python/3.11.13/x64/lib
2025-08-31T00:06:53.0326383Z ##[endgroup]
2025-08-31T00:06:55.7791272Z Looking in links: https://download.pytorch.org/whl/cpu/torch_stable.html
2025-08-31T00:06:55.7795267Z Obtaining file:///home/runner/work/Microscope/Microscope
2025-08-31T00:06:55.7812007Z   Installing build dependencies: started
2025-08-31T00:06:57.7542886Z   Installing build dependencies: finished with status 'done'
2025-08-31T00:06:57.7548294Z   Checking if build backend supports build_editable: started
2025-08-31T00:06:58.1013483Z   Checking if build backend supports build_editable: finished with status 'done'
2025-08-31T00:06:58.1021153Z   Getting requirements to build editable: started
2025-08-31T00:06:58.4079435Z   Getting requirements to build editable: finished with status 'done'
2025-08-31T00:06:58.4087866Z   Preparing editable metadata (pyproject.toml): started
2025-08-31T00:06:58.5816213Z   Preparing editable metadata (pyproject.toml): finished with status 'done'
2025-08-31T00:06:59.0673678Z Collecting numpy>=1.26 (from optics-sim==0.1.0)
2025-08-31T00:06:59.0794350Z   Downloading numpy-2.3.2-cp311-cp311-manylinux_2_27_x86_64.manylinux_2_28_x86_64.whl.metadata (62 kB)
2025-08-31T00:06:59.2792981Z Collecting tifffile>=2024.5.22 (from optics-sim==0.1.0)
2025-08-31T00:06:59.2865511Z   Downloading tifffile-2025.8.28-py3-none-any.whl.metadata (32 kB)
2025-08-31T00:06:59.4511361Z Collecting typing-extensions>=4.10 (from optics-sim==0.1.0)
2025-08-31T00:06:59.4568118Z   Downloading typing_extensions-4.15.0-py3-none-any.whl.metadata (3.3 kB)
2025-08-31T00:06:59.6560326Z Collecting torch==2.3.* (from optics-sim==0.1.0)
2025-08-31T00:06:59.6698267Z   Downloading https://download.pytorch.org/whl/cpu/torch-2.3.1%2Bcpu-cp311-cp311-linux_x86_64.whl (190.4 MB)
2025-08-31T00:07:02.2839568Z      ━━━━━━━━━━━━━━━━━━━━━━━━━━━━━━━━━━━━━━━━ 190.4/190.4 MB 72.9 MB/s  0:00:02
2025-08-31T00:07:02.8214951Z Collecting pytest>=8.2 (from optics-sim==0.1.0)
2025-08-31T00:07:02.8253779Z   Downloading pytest-8.4.1-py3-none-any.whl.metadata (7.7 kB)
2025-08-31T00:07:03.2829894Z Collecting ruff>=0.5 (from optics-sim==0.1.0)
2025-08-31T00:07:03.2874576Z   Downloading ruff-0.12.11-py3-none-manylinux_2_17_x86_64.manylinux2014_x86_64.whl.metadata (25 kB)
2025-08-31T00:07:03.7076938Z Collecting mypy>=1.10 (from optics-sim==0.1.0)
2025-08-31T00:07:03.7124544Z   Downloading mypy-1.17.1-cp311-cp311-manylinux2014_x86_64.manylinux_2_17_x86_64.manylinux_2_28_x86_64.whl.metadata (2.2 kB)
2025-08-31T00:07:03.9232051Z Collecting filelock (from torch==2.3.*->optics-sim==0.1.0)
2025-08-31T00:07:03.9272285Z   Downloading filelock-3.19.1-py3-none-any.whl.metadata (2.1 kB)
2025-08-31T00:07:04.0754357Z Collecting sympy (from torch==2.3.*->optics-sim==0.1.0)
2025-08-31T00:07:04.0799602Z   Downloading sympy-1.14.0-py3-none-any.whl.metadata (12 kB)
2025-08-31T00:07:04.2345165Z Collecting networkx (from torch==2.3.*->optics-sim==0.1.0)
2025-08-31T00:07:04.2398281Z   Downloading networkx-3.5-py3-none-any.whl.metadata (6.3 kB)
2025-08-31T00:07:04.3936625Z Collecting jinja2 (from torch==2.3.*->optics-sim==0.1.0)
2025-08-31T00:07:04.3984215Z   Downloading jinja2-3.1.6-py3-none-any.whl.metadata (2.9 kB)
2025-08-31T00:07:04.7143002Z Collecting fsspec (from torch==2.3.*->optics-sim==0.1.0)
2025-08-31T00:07:04.7182183Z   Downloading fsspec-2025.7.0-py3-none-any.whl.metadata (12 kB)
2025-08-31T00:07:04.9167693Z Collecting mypy_extensions>=1.0.0 (from mypy>=1.10->optics-sim==0.1.0)
2025-08-31T00:07:04.9214091Z   Downloading mypy_extensions-1.1.0-py3-none-any.whl.metadata (1.1 kB)
2025-08-31T00:07:05.0680424Z Collecting pathspec>=0.9.0 (from mypy>=1.10->optics-sim==0.1.0)
2025-08-31T00:07:05.0717431Z   Downloading pathspec-0.12.1-py3-none-any.whl.metadata (21 kB)
2025-08-31T00:07:05.3960406Z Collecting iniconfig>=1 (from pytest>=8.2->optics-sim==0.1.0)
2025-08-31T00:07:05.3998163Z   Downloading iniconfig-2.1.0-py3-none-any.whl.metadata (2.7 kB)
2025-08-31T00:07:05.5612851Z Collecting packaging>=20 (from pytest>=8.2->optics-sim==0.1.0)
2025-08-31T00:07:05.5649791Z   Downloading packaging-25.0-py3-none-any.whl.metadata (3.3 kB)
2025-08-31T00:07:05.7053215Z Collecting pluggy<2,>=1.5 (from pytest>=8.2->optics-sim==0.1.0)
2025-08-31T00:07:05.7114040Z   Downloading pluggy-1.6.0-py3-none-any.whl.metadata (4.8 kB)
2025-08-31T00:07:06.0363106Z Collecting pygments>=2.7.2 (from pytest>=8.2->optics-sim==0.1.0)
2025-08-31T00:07:06.0403225Z   Downloading pygments-2.19.2-py3-none-any.whl.metadata (2.5 kB)
2025-08-31T00:07:06.2369301Z Collecting MarkupSafe>=2.0 (from jinja2->torch==2.3.*->optics-sim==0.1.0)
2025-08-31T00:07:06.2422555Z   Downloading MarkupSafe-3.0.2-cp311-cp311-manylinux_2_17_x86_64.manylinux2014_x86_64.whl.metadata (4.0 kB)
2025-08-31T00:07:06.3845873Z Collecting mpmath<1.4,>=1.1.0 (from sympy->torch==2.3.*->optics-sim==0.1.0)
2025-08-31T00:07:06.3887057Z   Downloading mpmath-1.3.0-py3-none-any.whl.metadata (8.6 kB)
2025-08-31T00:07:06.3984122Z Downloading mypy-1.17.1-cp311-cp311-manylinux2014_x86_64.manylinux_2_17_x86_64.manylinux_2_28_x86_64.whl (12.6 MB)
2025-08-31T00:07:06.4597346Z    ━━━━━━━━━━━━━━━━━━━━━━━━━━━━━━━━━━━━━━━━ 12.6/12.6 MB 215.4 MB/s  0:00:00
2025-08-31T00:07:06.4634804Z Downloading mypy_extensions-1.1.0-py3-none-any.whl (5.0 kB)
2025-08-31T00:07:06.4695922Z Downloading numpy-2.3.2-cp311-cp311-manylinux_2_27_x86_64.manylinux_2_28_x86_64.whl (16.9 MB)
2025-08-31T00:07:06.5468356Z    ━━━━━━━━━━━━━━━━━━━━━━━━━━━━━━━━━━━━━━━━ 16.9/16.9 MB 226.9 MB/s  0:00:00
2025-08-31T00:07:06.5499094Z Downloading pathspec-0.12.1-py3-none-any.whl (31 kB)
2025-08-31T00:07:06.5559363Z Downloading pytest-8.4.1-py3-none-any.whl (365 kB)
2025-08-31T00:07:06.5629739Z Downloading pluggy-1.6.0-py3-none-any.whl (20 kB)
2025-08-31T00:07:06.5689421Z Downloading iniconfig-2.1.0-py3-none-any.whl (6.0 kB)
2025-08-31T00:07:06.5747228Z Downloading packaging-25.0-py3-none-any.whl (66 kB)
2025-08-31T00:07:06.5809695Z Downloading pygments-2.19.2-py3-none-any.whl (1.2 MB)
2025-08-31T00:07:06.5900067Z    ━━━━━━━━━━━━━━━━━━━━━━━━━━━━━━━━━━━━━━━━ 1.2/1.2 MB 152.8 MB/s  0:00:00
2025-08-31T00:07:06.5951275Z Downloading ruff-0.12.11-py3-none-manylinux_2_17_x86_64.manylinux2014_x86_64.whl (13.2 MB)
2025-08-31T00:07:06.6557859Z    ━━━━━━━━━━━━━━━━━━━━━━━━━━━━━━━━━━━━━━━━ 13.2/13.2 MB 223.5 MB/s  0:00:00
2025-08-31T00:07:06.6598229Z Downloading tifffile-2025.8.28-py3-none-any.whl (231 kB)
2025-08-31T00:07:06.6670139Z Downloading typing_extensions-4.15.0-py3-none-any.whl (44 kB)
2025-08-31T00:07:06.6728361Z Downloading filelock-3.19.1-py3-none-any.whl (15 kB)
2025-08-31T00:07:06.6787425Z Downloading fsspec-2025.7.0-py3-none-any.whl (199 kB)
2025-08-31T00:07:06.6855280Z Downloading jinja2-3.1.6-py3-none-any.whl (134 kB)
2025-08-31T00:07:06.6918053Z Downloading MarkupSafe-3.0.2-cp311-cp311-manylinux_2_17_x86_64.manylinux2014_x86_64.whl (23 kB)
2025-08-31T00:07:06.6974540Z Downloading networkx-3.5-py3-none-any.whl (2.0 MB)
2025-08-31T00:07:06.7102370Z    ━━━━━━━━━━━━━━━━━━━━━━━━━━━━━━━━━━━━━━━━ 2.0/2.0 MB 184.8 MB/s  0:00:00
2025-08-31T00:07:06.7143009Z Downloading sympy-1.14.0-py3-none-any.whl (6.3 MB)
2025-08-31T00:07:06.7421520Z    ━━━━━━━━━━━━━━━━━━━━━━━━━━━━━━━━━━━━━━━━ 6.3/6.3 MB 241.0 MB/s  0:00:00
2025-08-31T00:07:06.7463132Z Downloading mpmath-1.3.0-py3-none-any.whl (536 kB)
2025-08-31T00:07:06.7525822Z    ━━━━━━━━━━━━━━━━━━━━━━━━━━━━━━━━━━━━━━━━ 536.2/536.2 kB 74.2 MB/s  0:00:00
2025-08-31T00:07:06.8264373Z Building wheels for collected packages: optics-sim
2025-08-31T00:07:06.8273136Z   Building editable for optics-sim (pyproject.toml): started
2025-08-31T00:07:07.0345635Z   Building editable for optics-sim (pyproject.toml): finished with status 'done'
2025-08-31T00:07:07.0352955Z   Created wheel for optics-sim: filename=optics_sim-0.1.0-0.editable-py3-none-any.whl size=2221 sha256=c925eb3bbf3e3cbe002594ff32912b5c1cd05e50c12c49449a3765f419b7fca7
2025-08-31T00:07:07.0355170Z   Stored in directory: /tmp/pip-ephem-wheel-cache-rs8ozd8m/wheels/f4/2f/f0/f6040bf909fb7b34d766f74b2e0a36bd902b48ae73a1ca7c03
2025-08-31T00:07:07.0370630Z Successfully built optics-sim
2025-08-31T00:07:07.1926057Z Installing collected packages: mpmath, typing-extensions, sympy, ruff, pygments, pluggy, pathspec, packaging, numpy, networkx, mypy_extensions, MarkupSafe, iniconfig, fsspec, filelock, tifffile, pytest, mypy, jinja2, torch, optics-sim
2025-08-31T00:07:27.3274896Z 
2025-08-31T00:07:27.3293179Z Successfully installed MarkupSafe-3.0.2 filelock-3.19.1 fsspec-2025.7.0 iniconfig-2.1.0 jinja2-3.1.6 mpmath-1.3.0 mypy-1.17.1 mypy_extensions-1.1.0 networkx-3.5 numpy-2.3.2 optics-sim-0.1.0 packaging-25.0 pathspec-0.12.1 pluggy-1.6.0 pygments-2.19.2 pytest-8.4.1 ruff-0.12.11 sympy-1.14.0 tifffile-2025.8.28 torch-2.3.1+cpu typing-extensions-4.15.0
2025-08-31T00:07:28.0536210Z ##[group]Run pytest -q -m "not gpu" --maxfail=1
2025-08-31T00:07:28.0536574Z [36;1mpytest -q -m "not gpu" --maxfail=1[0m
2025-08-31T00:07:28.0565189Z shell: /usr/bin/bash -e {0}
2025-08-31T00:07:28.0565406Z env:
2025-08-31T00:07:28.0565627Z   pythonLocation: /opt/hostedtoolcache/Python/3.11.13/x64
2025-08-31T00:07:28.0566020Z   PKG_CONFIG_PATH: /opt/hostedtoolcache/Python/3.11.13/x64/lib/pkgconfig
2025-08-31T00:07:28.0566407Z   Python_ROOT_DIR: /opt/hostedtoolcache/Python/3.11.13/x64
2025-08-31T00:07:28.0566764Z   Python2_ROOT_DIR: /opt/hostedtoolcache/Python/3.11.13/x64
2025-08-31T00:07:28.0567112Z   Python3_ROOT_DIR: /opt/hostedtoolcache/Python/3.11.13/x64
2025-08-31T00:07:28.0567456Z   LD_LIBRARY_PATH: /opt/hostedtoolcache/Python/3.11.13/x64/lib
2025-08-31T00:07:28.0567740Z ##[endgroup]
2025-08-31T00:07:30.0231061Z ...F
2025-08-31T00:07:30.0231836Z =================================== FAILURES ===================================
2025-08-31T00:07:30.0232950Z ___________________________ test_round_trip_accuracy ___________________________
2025-08-31T00:07:30.0233350Z 
2025-08-31T00:07:30.0233466Z     def test_round_trip_accuracy():
2025-08-31T00:07:30.0234300Z         """Test round-trip transformation accuracy < 1e-6 µm."""
2025-08-31T00:07:30.0234893Z         # Random transform
2025-08-31T00:07:30.0235249Z         euler = torch.tensor([0.1, 0.2, 0.3])
2025-08-31T00:07:30.0235583Z         t = torch.tensor([10.0, 20.0, 30.0])
2025-08-31T00:07:30.0235829Z     
2025-08-31T00:07:30.0236007Z         T = compose(euler, t)
2025-08-31T00:07:30.0236223Z     
2025-08-31T00:07:30.0236404Z         # Test multiple points
2025-08-31T00:07:30.0236794Z         points_local = torch.randn(100, 3) * 100  # Points within 100 µm
2025-08-31T00:07:30.0237140Z     
2025-08-31T00:07:30.0237330Z         # Forward and inverse transform
2025-08-31T00:07:30.0237617Z         points_world = to_world(points_local, T)
2025-08-31T00:07:30.0237939Z         points_back = from_world(points_world, T)
2025-08-31T00:07:30.0238206Z     
2025-08-31T00:07:30.0238383Z         # Check round-trip error
2025-08-31T00:07:30.0300742Z         error = torch.norm(points_back - points_local, dim=-1)
2025-08-31T00:07:30.0301071Z         max_error = error.max().item()
2025-08-31T00:07:30.0301288Z     
2025-08-31T00:07:30.0302053Z >       assert max_error < 1e-6, f"Round-trip error {max_error:.2e} µm exceeds 1e-6 µm"
2025-08-31T00:07:30.0302571Z E       AssertionError: Round-trip error 4.89e-05 µm exceeds 1e-6 µm
2025-08-31T00:07:30.0302901Z E       assert 4.8851961764739826e-05 < 1e-06
2025-08-31T00:07:30.0303063Z 
2025-08-31T00:07:30.0303155Z tests/test_frames.py:73: AssertionError
2025-08-31T00:07:30.0303463Z =========================== short test summary info ============================
2025-08-31T00:07:30.0304215Z FAILED tests/test_frames.py::test_round_trip_accuracy - AssertionError: Round-trip error 4.89e-05 µm exceeds 1e-6 µm
2025-08-31T00:07:30.0305121Z assert 4.8851961764739826e-05 < 1e-06
2025-08-31T00:07:30.0305420Z !!!!!!!!!!!!!!!!!!!!!!!!!! stopping after 1 failures !!!!!!!!!!!!!!!!!!!!!!!!!!!
2025-08-31T00:07:30.0305750Z 1 failed, 3 passed, 1 deselected in 1.28s
2025-08-31T00:07:30.2466808Z ##[error]Process completed with exit code 1.
2025-08-31T00:07:30.2564158Z Post job cleanup.
2025-08-31T00:07:30.3530487Z [command]/usr/bin/git version
2025-08-31T00:07:30.3568404Z git version 2.51.0
2025-08-31T00:07:30.3611162Z Temporarily overriding HOME='/home/runner/work/_temp/f6dcd6ae-5ba4-4ac0-9828-5d2d82dc4d0e' before making global git config changes
2025-08-31T00:07:30.3612615Z Adding repository directory to the temporary git global config as a safe directory
2025-08-31T00:07:30.3616853Z [command]/usr/bin/git config --global --add safe.directory /home/runner/work/Microscope/Microscope
2025-08-31T00:07:30.3654149Z [command]/usr/bin/git config --local --name-only --get-regexp core\.sshCommand
2025-08-31T00:07:30.3688476Z [command]/usr/bin/git submodule foreach --recursive sh -c "git config --local --name-only --get-regexp 'core\.sshCommand' && git config --local --unset-all 'core.sshCommand' || :"
2025-08-31T00:07:30.3935245Z [command]/usr/bin/git config --local --name-only --get-regexp http\.https\:\/\/github\.com\/\.extraheader
2025-08-31T00:07:30.3958937Z http.https://github.com/.extraheader
2025-08-31T00:07:30.3971971Z [command]/usr/bin/git config --local --unset-all http.https://github.com/.extraheader
2025-08-31T00:07:30.4004095Z [command]/usr/bin/git submodule foreach --recursive sh -c "git config --local --name-only --get-regexp 'http\.https\:\/\/github\.com\/\.extraheader' && git config --local --unset-all 'http.https://github.com/.extraheader' || :"
2025-08-31T00:07:30.4348233Z Cleaning up orphan processes
